EN led NULL "D:/GIT/logica-reconfiguravel/Exercicios/ENTREGAR ATIVIDADE/ENTREGA/deslocarEsq/led.vhd" sub00/vhpl10 1557184415
AR led arch "D:/GIT/logica-reconfiguravel/Exercicios/ENTREGAR ATIVIDADE/ENTREGA/deslocarEsq/led.vhd" sub00/vhpl11 1557184416
EN setseg NULL "D:/GIT/logica-reconfiguravel/Exercicios/ENTREGAR ATIVIDADE/deslocarEsq/setSeg.vhd" sub00/vhpl06 1557098460
EN deslocaresq NULL "D:/GIT/logica-reconfiguravel/Exercicios/ENTREGAR ATIVIDADE/ENTREGA/deslocarEsq/multplica.vhd" sub00/vhpl08 1557184413
EN top NULL "D:/GIT/logica-reconfiguravel/Exercicios/ENTREGAR ATIVIDADE/ENTREGA/deslocarEsq/top.vhd" sub00/vhpl04 1557184417
AR top arch "D:/GIT/logica-reconfiguravel/Exercicios/ENTREGAR ATIVIDADE/ENTREGA/deslocarEsq/top.vhd" sub00/vhpl05 1557184418
AR setseg arch "D:/GIT/logica-reconfiguravel/Exercicios/ENTREGAR ATIVIDADE/deslocarEsq/setSeg.vhd" sub00/vhpl07 1557098461
AR deslocaresq arch "D:/GIT/logica-reconfiguravel/Exercicios/ENTREGAR ATIVIDADE/ENTREGA/deslocarEsq/multplica.vhd" sub00/vhpl09 1557184414
PB meupacote meupacote "D:/GIT/logica-reconfiguravel/Exercicios/ENTREGAR ATIVIDADE/ENTREGA/deslocarEsq/meupacote.vhd" sub00/vhpl03 1557184412
EN multplica NULL "D:/GIT/logica-reconfiguravel/Exercicios/ENTREGAR ATIVIDADE/deslocarEsq/multplica.vhd" sub00/vhpl00 1557096168
AR multplica arch "D:/GIT/logica-reconfiguravel/Exercicios/ENTREGAR ATIVIDADE/deslocarEsq/multplica.vhd" sub00/vhpl01 1557096169
PH meupacote NULL "D:/GIT/logica-reconfiguravel/Exercicios/ENTREGAR ATIVIDADE/ENTREGA/deslocarEsq/meupacote.vhd" sub00/vhpl02 1557184411
