V3 3
FL D:/GIT/logica-reconfiguravel/atividadeVHDL_01/p06.vhd 2019/03/26.14:23:34 P.20131013
EN work/ccto_basico2 1553641487 \
      FL D:/GIT/logica-reconfiguravel/atividadeVHDL_01/p06.vhd \
      PB ieee/std_logic_1164 1381692176
AR work/ccto_basico2/arq1 1553641488 \
      FL D:/GIT/logica-reconfiguravel/atividadeVHDL_01/p06.vhd \
      EN work/ccto_basico2 1553641487
