AR bcd arch "D:/GIT/logica-reconfiguravel/Exercicios/ENTREGAR ATIVIDADE/hex/hex.vhd" sub00/vhpl01 1556664531
EN hex NULL "D:/GIT/logica-reconfiguravel/Exercicios/ENTREGAR ATIVIDADE/hex/hex.vhd" sub00/vhpl02 1556665163
EN bcd NULL "D:/GIT/logica-reconfiguravel/Exercicios/ENTREGAR ATIVIDADE/hex/hex.vhd" sub00/vhpl00 1556664530
AR hex arch "D:/GIT/logica-reconfiguravel/Exercicios/ENTREGAR ATIVIDADE/hex/hex.vhd" sub00/vhpl03 1556665164
