V3 3
FL "D:/GIT/logica-reconfiguravel/Exercicios/ENTREGAR ATIVIDADE/setSeg/setSeg.vhd" 2019/04/30.20:18:06 P.20131013
EN work/setSeg 1556666302 \
      FL "D:/GIT/logica-reconfiguravel/Exercicios/ENTREGAR ATIVIDADE/setSeg/setSeg.vhd" \
      PB ieee/std_logic_1164 1381692176 PB ieee/NUMERIC_STD 1381692181
AR work/setSeg/arch 1556666303 \
      FL "D:/GIT/logica-reconfiguravel/Exercicios/ENTREGAR ATIVIDADE/setSeg/setSeg.vhd" \
      EN work/setSeg 1556666302
