PH meu_pacote NULL "D:/GIT/logica-reconfiguravel/Exercicios/ENTREGAR ATIVIDADE/projsetSeg01/meu_pacote.vhd" sub00/vhpl04 1556741153
EN setseg NULL "D:/GIT/logica-reconfiguravel/Exercicios/ENTREGAR ATIVIDADE/projsetSeg01/setSeg.vhd" sub00/vhpl00 1556673236
AR projetsetseg01 arch "D:/GIT/logica-reconfiguravel/Exercicios/ENTREGAR ATIVIDADE/projsetSeg01/setSeg.vhd" sub00/vhpl03 1556671951
EN top NULL "D:/GIT/logica-reconfiguravel/Exercicios/ENTREGAR ATIVIDADE/projsetSeg01/top.vhd" sub00/vhpl05 1556741154
EN projetsetseg01 NULL "D:/GIT/logica-reconfiguravel/Exercicios/ENTREGAR ATIVIDADE/projsetSeg01/setSeg.vhd" sub00/vhpl02 1556671950
AR setseg arch "D:/GIT/logica-reconfiguravel/Exercicios/ENTREGAR ATIVIDADE/projsetSeg01/setSeg.vhd" sub00/vhpl01 1556673237
