PH meu_pacote NULL "D:/GIT/logica-reconfiguravel/Exercicios/ENTREGAR ATIVIDADE/setSeg01/meu_pacote.vhd" sub00/vhpl02 1556671417
EN setseg NULL "D:/GIT/logica-reconfiguravel/Exercicios/ENTREGAR ATIVIDADE/setSeg/setSeg.vhd" sub00/vhpl00 1556666302
EN top NULL "D:/GIT/logica-reconfiguravel/Exercicios/ENTREGAR ATIVIDADE/setSeg01/top.vhd" sub00/vhpl03 1556671418
AR setseg arch "D:/GIT/logica-reconfiguravel/Exercicios/ENTREGAR ATIVIDADE/setSeg/setSeg.vhd" sub00/vhpl01 1556666303
