AR binario_gray arch "D:/GIT/logica-reconfiguravel/Exercicios/ENTREGAR ATIVIDADE/ENTREGA/binario_gray/b_g_Nbit.vhd" sub00/vhpl03 1557179901
EN b_g_nbit NULL "D:/GIT/logica-reconfiguravel/Exercicios/ENTREGAR ATIVIDADE/binario_gray/b_g_Nbit.vhd" sub00/vhpl00 1557078070
AR b_g_nbit arch "D:/GIT/logica-reconfiguravel/Exercicios/ENTREGAR ATIVIDADE/binario_gray/b_g_Nbit.vhd" sub00/vhpl01 1557078071
EN binario_gray NULL "D:/GIT/logica-reconfiguravel/Exercicios/ENTREGAR ATIVIDADE/ENTREGA/binario_gray/b_g_Nbit.vhd" sub00/vhpl02 1557179900
