V3 22
FL "D:/GIT/logica-reconfiguravel/Exercicios/ENTREGAR ATIVIDADE/divisao/divisao.vhd" 2019/05/05.23:01:34 P.20131013
EN work/divisao 1557165145 \
      FL "D:/GIT/logica-reconfiguravel/Exercicios/ENTREGAR ATIVIDADE/divisao/divisao.vhd" \
      PB ieee/std_logic_1164 1381692176
AR work/divisao/arch 1557165146 \
      FL "D:/GIT/logica-reconfiguravel/Exercicios/ENTREGAR ATIVIDADE/divisao/divisao.vhd" \
      EN work/divisao 1557165145
FL "D:/GIT/logica-reconfiguravel/Exercicios/ENTREGAR ATIVIDADE/divisao/divisao3b.vhd" 2019/05/05.23:27:17 P.20131013
EN work/divisao3b 1557163816 \
      FL "D:/GIT/logica-reconfiguravel/Exercicios/ENTREGAR ATIVIDADE/divisao/divisao3b.vhd" \
      PB ieee/std_logic_1164 1381692176
AR work/divisao3b/arch 1557163817 \
      FL "D:/GIT/logica-reconfiguravel/Exercicios/ENTREGAR ATIVIDADE/divisao/divisao3b.vhd" \
      EN work/divisao3b 1557163816
FL "D:/GIT/logica-reconfiguravel/Exercicios/ENTREGAR ATIVIDADE/divisao/erros.vhd" 2019/05/05.23:28:45 P.20131013
EN work/erros 1557165147 \
      FL "D:/GIT/logica-reconfiguravel/Exercicios/ENTREGAR ATIVIDADE/divisao/erros.vhd" \
      PB ieee/std_logic_1164 1381692176
AR work/erros/arch 1557165148 \
      FL "D:/GIT/logica-reconfiguravel/Exercicios/ENTREGAR ATIVIDADE/divisao/erros.vhd" \
      EN work/erros 1557165147
FL "D:/GIT/logica-reconfiguravel/Exercicios/ENTREGAR ATIVIDADE/divisao/led.vhd" 2019/05/06.14:52:17 P.20131013
EN work/led 1557165149 \
      FL "D:/GIT/logica-reconfiguravel/Exercicios/ENTREGAR ATIVIDADE/divisao/led.vhd" \
      PB ieee/std_logic_1164 1381692176
AR work/led/arch 1557165150 \
      FL "D:/GIT/logica-reconfiguravel/Exercicios/ENTREGAR ATIVIDADE/divisao/led.vhd" \
      EN work/led 1557165149
FL "D:/GIT/logica-reconfiguravel/Exercicios/ENTREGAR ATIVIDADE/divisao/meupacote.vhd" 2019/05/06.14:46:56 P.20131013
PH work/meupacote 1557165143 \
      FL "D:/GIT/logica-reconfiguravel/Exercicios/ENTREGAR ATIVIDADE/divisao/meupacote.vhd" \
      PB ieee/std_logic_1164 1381692176 CD divisao CD divisao3b CD erros CD led
PB work/meupacote 1557165144 \
      FL "D:/GIT/logica-reconfiguravel/Exercicios/ENTREGAR ATIVIDADE/divisao/meupacote.vhd" \
      PH work/meupacote 1557165143
FL "D:/GIT/logica-reconfiguravel/Exercicios/ENTREGAR ATIVIDADE/divisao/top.vhd" 2019/05/06.14:51:14 P.20131013
EN work/top 1557165151 \
      FL "D:/GIT/logica-reconfiguravel/Exercicios/ENTREGAR ATIVIDADE/divisao/top.vhd" \
      PB ieee/std_logic_1164 1381692176 PB work/meupacote 1557165144
AR work/top/arch 1557165152 \
      FL "D:/GIT/logica-reconfiguravel/Exercicios/ENTREGAR ATIVIDADE/divisao/top.vhd" \
      EN work/top 1557165151 AR work/divisao/arch 1557165146 AR work/erros/arch 1557165148 \
      AR work/led/arch 1557165150
