AR ccto arq "D:/GIT/Logica Reconfiguravel/atividade01/atividade01/atividadeExemploProfessor.vhd" sub00/vhpl02 1553034770
EN ccto_basico NULL "D:/GIT/Logica Reconfiguravel/atividade01/atividade01/atividade02.vhd" sub00/vhpl00 1553034725
EN ccto NULL "D:/GIT/Logica Reconfiguravel/atividade01/atividade01/atividadeExemploProfessor.vhd" sub00/vhpl01 1553034769
