V3 18
FL "D:/GIT/logica-reconfiguravel/Exercicios/ENTREGAR ATIVIDADE/ENTREGA/testSet/meupacote.vhd" 2019/05/01.19:54:47 P.20131013
PH work/meupacote 1557179636 \
      FL "D:/GIT/logica-reconfiguravel/Exercicios/ENTREGAR ATIVIDADE/ENTREGA/testSet/meupacote.vhd" \
      PB ieee/std_logic_1164 1381692176 CD setSeg CD seletDisplay
PB work/meupacote 1557179637 \
      FL "D:/GIT/logica-reconfiguravel/Exercicios/ENTREGAR ATIVIDADE/ENTREGA/testSet/meupacote.vhd" \
      PH work/meupacote 1557179636
FL "D:/GIT/logica-reconfiguravel/Exercicios/ENTREGAR ATIVIDADE/ENTREGA/testSet/seletDisplay.vhd" 2019/05/05.14:18:09 P.20131013
EN work/seletDisplay 1557179640 \
      FL "D:/GIT/logica-reconfiguravel/Exercicios/ENTREGAR ATIVIDADE/ENTREGA/testSet/seletDisplay.vhd" \
      PB ieee/std_logic_1164 1381692176
AR work/seletDisplay/arch 1557179641 \
      FL "D:/GIT/logica-reconfiguravel/Exercicios/ENTREGAR ATIVIDADE/ENTREGA/testSet/seletDisplay.vhd" \
      EN work/seletDisplay 1557179640
FL "D:/GIT/logica-reconfiguravel/Exercicios/ENTREGAR ATIVIDADE/ENTREGA/testSet/setSeg.vhd" 2019/05/01.19:56:39 P.20131013
EN work/setSeg 1557179638 \
      FL "D:/GIT/logica-reconfiguravel/Exercicios/ENTREGAR ATIVIDADE/ENTREGA/testSet/setSeg.vhd" \
      PB ieee/std_logic_1164 1381692176
AR work/setSeg/arch 1557179639 \
      FL "D:/GIT/logica-reconfiguravel/Exercicios/ENTREGAR ATIVIDADE/ENTREGA/testSet/setSeg.vhd" \
      EN work/setSeg 1557179638
FL "D:/GIT/logica-reconfiguravel/Exercicios/ENTREGAR ATIVIDADE/ENTREGA/testSet/top.vhd" 2019/05/05.14:18:46 P.20131013
EN work/top 1557179642 \
      FL "D:/GIT/logica-reconfiguravel/Exercicios/ENTREGAR ATIVIDADE/ENTREGA/testSet/top.vhd" \
      PB ieee/std_logic_1164 1381692176 PB work/meupacote 1557179637
AR work/top/arch 1557179643 \
      FL "D:/GIT/logica-reconfiguravel/Exercicios/ENTREGAR ATIVIDADE/ENTREGA/testSet/top.vhd" \
      EN work/top 1557179642 AR work/setSeg/arch 1557179639 \
      AR work/seletDisplay/arch 1557179641
FL "D:/GIT/logica-reconfiguravel/Exercicios/ENTREGAR ATIVIDADE/testSet/meupacote.vhd" 2019/05/01.19:54:47 P.20131013
FL "D:/GIT/logica-reconfiguravel/Exercicios/ENTREGAR ATIVIDADE/testSet/seletDisplay.vhd" 2019/05/01.19:55:13 P.20131013
FL "D:/GIT/logica-reconfiguravel/Exercicios/ENTREGAR ATIVIDADE/testSet/setSeg.vhd" 2019/05/01.19:56:39 P.20131013
FL "D:/GIT/logica-reconfiguravel/Exercicios/ENTREGAR ATIVIDADE/testSet/top.vhd" 2019/05/03.16:50:59 P.20131013
