EN setseg NULL "D:/GIT/logica-reconfiguravel/Exercicios/ENTREGAR ATIVIDADE/setSeg/setSeg.vhd" sub00/vhpl00 1556666302
AR setseg02 arch "D:/GIT/logica-reconfiguravel/Exercicios/ENTREGAR ATIVIDADE/setSeg02/setSeg.vhd" sub00/vhpl03 1556741442
EN top NULL "D:/GIT/logica-reconfiguravel/Exercicios/ENTREGAR ATIVIDADE/setSeg02/top.vhd" sub00/vhpl05 1556744068
AR setseg arch "D:/GIT/logica-reconfiguravel/Exercicios/ENTREGAR ATIVIDADE/setSeg/setSeg.vhd" sub00/vhpl01 1556666303
PH meupacote NULL "D:/GIT/logica-reconfiguravel/Exercicios/ENTREGAR ATIVIDADE/setSeg02/meupacote.vhd" sub00/vhpl04 1556744067
EN setseg02 NULL "D:/GIT/logica-reconfiguravel/Exercicios/ENTREGAR ATIVIDADE/setSeg02/setSeg.vhd" sub00/vhpl02 1556741441
